#
# There is insufficient memory for the Java Runtime Environment to continue.
# Native memory allocation (malloc) failed to allocate 1628656 bytes for Chunk::new
# Possible reasons:
#   The system is out of physical RAM or swap space
#   The process is running with CompressedOops enabled, and the Java Heap may be blocking the growth of the native heap
# Possible solutions:
#   Reduce memory load on the system
#   Increase physical memory or swap space
#   Check if swap backing store is full
#   Decrease Java heap size (-Xmx/-Xms)
#   Decrease number of Java threads
#   Decrease Java thread stack sizes (-Xss)
#   Set larger code cache with -XX:ReservedCodeCacheSize=
#   JVM is running with Unscaled Compressed Oops mode in which the Java heap is
#     placed in the first 4GB address space. The Java Heap base address is the
#     maximum limit for the native heap growth. Please use -XX:HeapBaseMinAddress
#     to set the Java Heap base and to place the Java Heap above 4GB virtual address.
# This output file may be truncated or incomplete.
#
#  Out of Memory Error (arena.cpp:168), pid=70088, tid=71264
#
# JRE version: Java(TM) SE Runtime Environment (21.0.4+8) (build 21.0.4+8-LTS-274)
# Java VM: Java HotSpot(TM) 64-Bit Server VM (21.0.4+8-LTS-274, mixed mode, sharing, tiered, compressed oops, compressed class ptrs, g1 gc, windows-amd64)
# No core dump will be written. Minidumps are not enabled by default on client versions of Windows
#

---------------  S U M M A R Y ------------

Command Line: -javaagent:C:\Program Files\JetBrains\IntelliJ IDEA Community Edition 2025.2.4\lib\idea_rt.jar=63972 -Dfile.encoding=UTF-8 -Dsun.stdout.encoding=UTF-8 -Dsun.stderr.encoding=UTF-8 com.student.management.StudentManagementSystemApplication

Host: 11th Gen Intel(R) Core(TM) i3-1115G4 @ 3.00GHz, 4 cores, 7G,  Windows 11 , 64 bit Build 26100 (10.0.26100.6725)
Time: Fri Nov  7 15:09:54 2025 India Standard Time elapsed time: 6.778886 seconds (0d 0h 0m 6s)

---------------  T H R E A D  ---------------

Current thread (0x000002395e04a940):  JavaThread "C2 CompilerThread1" daemon [_thread_in_native, id=71264, stack(0x0000005176a00000,0x0000005176b00000) (1024K)]


Current CompileTask:
C2:   6778 3395   !   4       jdk.internal.loader.BuiltinClassLoader::loadClassOrNull (143 bytes)

Stack: [0x0000005176a00000,0x0000005176b00000]
Native frames: (J=compiled Java code, j=interpreted, Vv=VM code, C=native code)
V  [jvm.dll+0x6c8e59]
V  [jvm.dll+0x853181]
V  [jvm.dll+0x8556ae]
V  [jvm.dll+0x855d83]
V  [jvm.dll+0x27d526]
V  [jvm.dll+0xc4aad]
V  [jvm.dll+0xc4fe3]
V  [jvm.dll+0x3b3fd2]
V  [jvm.dll+0x3809a5]
V  [jvm.dll+0x37fe1a]
V  [jvm.dll+0x246280]
V  [jvm.dll+0x24585f]
V  [jvm.dll+0x1c69de]
V  [jvm.dll+0x254d49]
V  [jvm.dll+0x2532da]
V  [jvm.dll+0x3ed426]
V  [jvm.dll+0x7fd65b]
V  [jvm.dll+0x6c753d]
C  [ucrtbase.dll+0x37b0]
C  [KERNEL32.DLL+0x2e8d7]
C  [ntdll.dll+0x8c53c]


---------------  P R O C E S S  ---------------

Threads class SMR info:
_java_thread_list=0x000002395e112440, length=13, elements={
0x000002397734fed0, 0x000002397dcee330, 0x000002397dcefba0, 0x000002397dcf3950,
0x000002397dcf4940, 0x000002397dcf5490, 0x000002397dcf5fe0, 0x000002397dcf7d80,
0x000002397dcffde0, 0x000002397dcb9de0, 0x000002395d0f8170, 0x000002395d0f87e0,
0x000002395e04a940
}

Java Threads: ( => current thread )
  0x000002397734fed0 JavaThread "main"                              [_thread_in_native, id=65404, stack(0x0000005175400000,0x0000005175500000) (1024K)]
  0x000002397dcee330 JavaThread "Reference Handler"          daemon [_thread_blocked, id=66752, stack(0x0000005175c00000,0x0000005175d00000) (1024K)]
  0x000002397dcefba0 JavaThread "Finalizer"                  daemon [_thread_blocked, id=57684, stack(0x0000005175d00000,0x0000005175e00000) (1024K)]
  0x000002397dcf3950 JavaThread "Signal Dispatcher"          daemon [_thread_blocked, id=65708, stack(0x0000005175e00000,0x0000005175f00000) (1024K)]
  0x000002397dcf4940 JavaThread "Attach Listener"            daemon [_thread_blocked, id=69744, stack(0x0000005175f00000,0x0000005176000000) (1024K)]
  0x000002397dcf5490 JavaThread "Service Thread"             daemon [_thread_blocked, id=71184, stack(0x0000005176000000,0x0000005176100000) (1024K)]
  0x000002397dcf5fe0 JavaThread "Monitor Deflation Thread"   daemon [_thread_blocked, id=70452, stack(0x0000005176100000,0x0000005176200000) (1024K)]
  0x000002397dcf7d80 JavaThread "C2 CompilerThread0"         daemon [_thread_blocked, id=5484, stack(0x0000005176200000,0x0000005176300000) (1024K)]
  0x000002397dcffde0 JavaThread "C1 CompilerThread0"         daemon [_thread_blocked, id=67316, stack(0x0000005176300000,0x0000005176400000) (1024K)]
  0x000002397dcb9de0 JavaThread "Common-Cleaner"             daemon [_thread_blocked, id=3584, stack(0x0000005176400000,0x0000005176500000) (1024K)]
  0x000002395d0f8170 JavaThread "Monitor Ctrl-Break"         daemon [_thread_in_native, id=68376, stack(0x0000005176500000,0x0000005176600000) (1024K)]
  0x000002395d0f87e0 JavaThread "Notification Thread"        daemon [_thread_blocked, id=6732, stack(0x0000005176600000,0x0000005176700000) (1024K)]
=>0x000002395e04a940 JavaThread "C2 CompilerThread1"         daemon [_thread_in_native, id=71264, stack(0x0000005176a00000,0x0000005176b00000) (1024K)]
Total: 13

Other Threads:
  0x000002397dccf970 VMThread "VM Thread"                           [id=40380, stack(0x0000005175b00000,0x0000005175c00000) (1024K)]
  0x000002397dcb6600 WatcherThread "VM Periodic Task Thread"        [id=45124, stack(0x0000005175a00000,0x0000005175b00000) (1024K)]
  0x00000239773a3b80 WorkerThread "GC Thread#0"                     [id=48328, stack(0x0000005175500000,0x0000005175600000) (1024K)]
  0x000002395d5383e0 WorkerThread "GC Thread#1"                     [id=69600, stack(0x0000005176700000,0x0000005176800000) (1024K)]
  0x000002395d66d1e0 WorkerThread "GC Thread#2"                     [id=66592, stack(0x0000005176800000,0x0000005176900000) (1024K)]
  0x000002395d23e7c0 WorkerThread "GC Thread#3"                     [id=16324, stack(0x0000005176900000,0x0000005176a00000) (1024K)]
  0x00000239773b4b30 ConcurrentGCThread "G1 Main Marker"            [id=39844, stack(0x0000005175600000,0x0000005175700000) (1024K)]
  0x00000239773b64b0 WorkerThread "G1 Conc#0"                       [id=67504, stack(0x0000005175700000,0x0000005175800000) (1024K)]
  0x000002397740e9e0 ConcurrentGCThread "G1 Refine#0"               [id=72132, stack(0x0000005175800000,0x0000005175900000) (1024K)]
  0x000002397db7f780 ConcurrentGCThread "G1 Service"                [id=7844, stack(0x0000005175900000,0x0000005175a00000) (1024K)]
Total: 10

Threads with active compile tasks:
C2 CompilerThread1     6813 3395   !   4       jdk.internal.loader.BuiltinClassLoader::loadClassOrNull (143 bytes)
Total: 1

VM state: not at safepoint (normal execution)

VM Mutex/Monitor currently owned by a thread: None

Heap address: 0x0000000084200000, size: 1982 MB, Compressed Oops mode: 32-bit

CDS archive(s) mapped at: [0x0000023918000000-0x0000023918c90000-0x0000023918c90000), size 13172736, SharedBaseAddress: 0x0000023918000000, ArchiveRelocationMode: 1.
Compressed class space mapped at: 0x0000023919000000-0x0000023959000000, reserved size: 1073741824
Narrow klass base: 0x0000023918000000, Narrow klass shift: 0, Narrow klass range: 0x100000000

GC Precious Log:
 CardTable entry size: 512
 Card Set container configuration: InlinePtr #cards 5 size 8 Array Of Cards #cards 12 size 40 Howl #buckets 4 coarsen threshold 1843 Howl Bitmap #cards 512 size 80 coarsen threshold 460 Card regions per heap region 1 cards per card region 2048
 CPUs: 4 total, 4 available
 Memory: 7926M
 Large Page Support: Disabled
 NUMA Support: Disabled
 Compressed Oops: Enabled (32-bit)
 Heap Region Size: 1M
 Heap Min Capacity: 8M
 Heap Initial Capacity: 124M
 Heap Max Capacity: 1982M
 Pre-touch: Disabled
 Parallel Workers: 4
 Concurrent Workers: 1
 Concurrent Refinement Workers: 4
 Periodic GC: Disabled

Heap:
 garbage-first heap   total 55296K, used 38250K [0x0000000084200000, 0x0000000100000000)
  region size 1024K, 32 young (32768K), 7 survivors (7168K)
 Metaspace       used 24541K, committed 24960K, reserved 1114112K
  class space    used 3135K, committed 3328K, reserved 1048576K

Heap Regions: E=young(eden), S=young(survivor), O=old, HS=humongous(starts), HC=humongous(continues), CS=collection set, F=free, TAMS=top-at-mark-start, PB=parsable bottom
|   0|0x0000000084200000, 0x0000000084300000, 0x0000000084300000|100%|HS|  |TAMS 0x0000000084200000| PB 0x0000000084200000| Complete 
|   1|0x0000000084300000, 0x0000000084400000, 0x0000000084400000|100%|HS|  |TAMS 0x0000000084300000| PB 0x0000000084300000| Complete 
|   2|0x0000000084400000, 0x0000000084500000, 0x0000000084500000|100%| O|  |TAMS 0x0000000084400000| PB 0x0000000084400000| Untracked 
|   3|0x0000000084500000, 0x0000000084600000, 0x0000000084600000|100%| O|  |TAMS 0x0000000084500000| PB 0x0000000084500000| Untracked 
|   4|0x0000000084600000, 0x0000000084700000, 0x0000000084700000|100%| O|  |TAMS 0x0000000084600000| PB 0x0000000084600000| Untracked 
|   5|0x0000000084700000, 0x0000000084800000, 0x0000000084800000|100%| O|  |TAMS 0x0000000084700000| PB 0x0000000084700000| Untracked 
|   6|0x0000000084800000, 0x00000000848c8200, 0x0000000084900000| 78%| O|Cm|TAMS 0x0000000084800000| PB 0x0000000084800000| Complete 
|   7|0x0000000084900000, 0x0000000084900000, 0x0000000084a00000|  0%| F|  |TAMS 0x0000000084900000| PB 0x0000000084900000| Untracked 
|   8|0x0000000084a00000, 0x0000000084a00000, 0x0000000084b00000|  0%| F|  |TAMS 0x0000000084a00000| PB 0x0000000084a00000| Untracked 
|   9|0x0000000084b00000, 0x0000000084b00000, 0x0000000084c00000|  0%| F|  |TAMS 0x0000000084b00000| PB 0x0000000084b00000| Untracked 
|  10|0x0000000084c00000, 0x0000000084c00000, 0x0000000084d00000|  0%| F|  |TAMS 0x0000000084c00000| PB 0x0000000084c00000| Untracked 
|  11|0x0000000084d00000, 0x0000000084d00000, 0x0000000084e00000|  0%| F|  |TAMS 0x0000000084d00000| PB 0x0000000084d00000| Untracked 
|  12|0x0000000084e00000, 0x0000000084e00000, 0x0000000084f00000|  0%| F|  |TAMS 0x0000000084e00000| PB 0x0000000084e00000| Untracked 
|  13|0x0000000084f00000, 0x0000000084f00000, 0x0000000085000000|  0%| F|  |TAMS 0x0000000084f00000| PB 0x0000000084f00000| Untracked 
|  14|0x0000000085000000, 0x0000000085000000, 0x0000000085100000|  0%| F|  |TAMS 0x0000000085000000| PB 0x0000000085000000| Untracked 
|  15|0x0000000085100000, 0x0000000085100000, 0x0000000085200000|  0%| F|  |TAMS 0x0000000085100000| PB 0x0000000085100000| Untracked 
|  16|0x0000000085200000, 0x0000000085200000, 0x0000000085300000|  0%| F|  |TAMS 0x0000000085200000| PB 0x0000000085200000| Untracked 
|  17|0x0000000085300000, 0x0000000085300000, 0x0000000085400000|  0%| F|  |TAMS 0x0000000085300000| PB 0x0000000085300000| Untracked 
|  18|0x0000000085400000, 0x0000000085400000, 0x0000000085500000|  0%| F|  |TAMS 0x0000000085400000| PB 0x0000000085400000| Untracked 
|  19|0x0000000085500000, 0x0000000085500000, 0x0000000085600000|  0%| F|  |TAMS 0x0000000085500000| PB 0x0000000085500000| Untracked 
|  20|0x0000000085600000, 0x0000000085600000, 0x0000000085700000|  0%| F|  |TAMS 0x0000000085600000| PB 0x0000000085600000| Untracked 
|  21|0x0000000085700000, 0x0000000085700000, 0x0000000085800000|  0%| F|  |TAMS 0x0000000085700000| PB 0x0000000085700000| Untracked 
|  22|0x0000000085800000, 0x0000000085800800, 0x0000000085900000|  0%| E|  |TAMS 0x0000000085800000| PB 0x0000000085800000| Complete 
|  23|0x0000000085900000, 0x0000000085a00000, 0x0000000085a00000|100%| E|CS|TAMS 0x0000000085900000| PB 0x0000000085900000| Complete 
|  24|0x0000000085a00000, 0x0000000085b00000, 0x0000000085b00000|100%| E|CS|TAMS 0x0000000085a00000| PB 0x0000000085a00000| Complete 
|  25|0x0000000085b00000, 0x0000000085c00000, 0x0000000085c00000|100%| E|CS|TAMS 0x0000000085b00000| PB 0x0000000085b00000| Complete 
|  26|0x0000000085c00000, 0x0000000085d00000, 0x0000000085d00000|100%| E|CS|TAMS 0x0000000085c00000| PB 0x0000000085c00000| Complete 
|  27|0x0000000085d00000, 0x0000000085e00000, 0x0000000085e00000|100%| E|CS|TAMS 0x0000000085d00000| PB 0x0000000085d00000| Complete 
|  28|0x0000000085e00000, 0x0000000085f00000, 0x0000000085f00000|100%| E|CS|TAMS 0x0000000085e00000| PB 0x0000000085e00000| Complete 
|  29|0x0000000085f00000, 0x0000000086000000, 0x0000000086000000|100%| E|CS|TAMS 0x0000000085f00000| PB 0x0000000085f00000| Complete 
|  30|0x0000000086000000, 0x0000000086100000, 0x0000000086100000|100%| E|CS|TAMS 0x0000000086000000| PB 0x0000000086000000| Complete 
|  31|0x0000000086100000, 0x0000000086200000, 0x0000000086200000|100%| E|CS|TAMS 0x0000000086100000| PB 0x0000000086100000| Complete 
|  32|0x0000000086200000, 0x0000000086300000, 0x0000000086300000|100%| E|CS|TAMS 0x0000000086200000| PB 0x0000000086200000| Complete 
|  33|0x0000000086300000, 0x0000000086400000, 0x0000000086400000|100%| E|CS|TAMS 0x0000000086300000| PB 0x0000000086300000| Complete 
|  34|0x0000000086400000, 0x0000000086500000, 0x0000000086500000|100%| E|CS|TAMS 0x0000000086400000| PB 0x0000000086400000| Complete 
|  35|0x0000000086500000, 0x0000000086600000, 0x0000000086600000|100%| E|CS|TAMS 0x0000000086500000| PB 0x0000000086500000| Complete 
|  36|0x0000000086600000, 0x0000000086700000, 0x0000000086700000|100%| E|CS|TAMS 0x0000000086600000| PB 0x0000000086600000| Complete 
|  37|0x0000000086700000, 0x0000000086800000, 0x0000000086800000|100%| E|CS|TAMS 0x0000000086700000| PB 0x0000000086700000| Complete 
|  38|0x0000000086800000, 0x0000000086900000, 0x0000000086900000|100%| E|CS|TAMS 0x0000000086800000| PB 0x0000000086800000| Complete 
|  39|0x0000000086900000, 0x0000000086a00000, 0x0000000086a00000|100%| E|CS|TAMS 0x0000000086900000| PB 0x0000000086900000| Complete 
|  40|0x0000000086a00000, 0x0000000086b00000, 0x0000000086b00000|100%| E|CS|TAMS 0x0000000086a00000| PB 0x0000000086a00000| Complete 
|  41|0x0000000086b00000, 0x0000000086c00000, 0x0000000086c00000|100%| E|CS|TAMS 0x0000000086b00000| PB 0x0000000086b00000| Complete 
|  42|0x0000000086c00000, 0x0000000086d00000, 0x0000000086d00000|100%| E|CS|TAMS 0x0000000086c00000| PB 0x0000000086c00000| Complete 
|  43|0x0000000086d00000, 0x0000000086e00000, 0x0000000086e00000|100%| E|CS|TAMS 0x0000000086d00000| PB 0x0000000086d00000| Complete 
|  44|0x0000000086e00000, 0x0000000086f00000, 0x0000000086f00000|100%| E|CS|TAMS 0x0000000086e00000| PB 0x0000000086e00000| Complete 
|  94|0x000000008a000000, 0x000000008a0927c0, 0x000000008a100000| 57%| S|CS|TAMS 0x000000008a000000| PB 0x000000008a000000| Complete 
|  95|0x000000008a100000, 0x000000008a200000, 0x000000008a200000|100%| S|CS|TAMS 0x000000008a100000| PB 0x000000008a100000| Complete 
|  96|0x000000008a200000, 0x000000008a300000, 0x000000008a300000|100%| S|CS|TAMS 0x000000008a200000| PB 0x000000008a200000| Complete 
|  97|0x000000008a300000, 0x000000008a400000, 0x000000008a400000|100%| S|CS|TAMS 0x000000008a300000| PB 0x000000008a300000| Complete 
|  98|0x000000008a400000, 0x000000008a500000, 0x000000008a500000|100%| S|CS|TAMS 0x000000008a400000| PB 0x000000008a400000| Complete 
|  99|0x000000008a500000, 0x000000008a600000, 0x000000008a600000|100%| S|CS|TAMS 0x000000008a500000| PB 0x000000008a500000| Complete 
| 100|0x000000008a600000, 0x000000008a700000, 0x000000008a700000|100%| S|CS|TAMS 0x000000008a600000| PB 0x000000008a600000| Complete 
| 122|0x000000008bc00000, 0x000000008bd00000, 0x000000008bd00000|100%| E|CS|TAMS 0x000000008bc00000| PB 0x000000008bc00000| Complete 
| 123|0x000000008bd00000, 0x000000008be00000, 0x000000008be00000|100%| E|CS|TAMS 0x000000008bd00000| PB 0x000000008bd00000| Complete 

Card table byte_map: [0x00000239793e0000,0x00000239797c0000] _byte_map_base: 0x0000023978fbf000

Marking Bits: (CMBitMap*) 0x00000239773a4280
 Bits: [0x00000239797c0000, 0x000002397b6b8000)

Polling page: 0x00000239770b0000

Metaspace:

Usage:
  Non-class:     20.91 MB used.
      Class:      3.06 MB used.
       Both:     23.97 MB used.

Virtual space:
  Non-class space:       64.00 MB reserved,      21.12 MB ( 33%) committed,  1 nodes.
      Class space:        1.00 GB reserved,       3.25 MB ( <1%) committed,  1 nodes.
             Both:        1.06 GB reserved,      24.38 MB (  2%) committed. 

Chunk freelists:
   Non-Class:  10.11 MB
       Class:  12.66 MB
        Both:  22.77 MB

MaxMetaspaceSize: unlimited
CompressedClassSpaceSize: 1.00 GB
Initial GC threshold: 21.00 MB
Current GC threshold: 35.12 MB
CDS: on
 - commit_granule_bytes: 65536.
 - commit_granule_words: 8192.
 - virtual_space_node_default_size: 8388608.
 - enlarge_chunks_in_place: 1.
 - use_allocation_guard: 0.


Internal statistics:

num_allocs_failed_limit: 3.
num_arena_births: 450.
num_arena_deaths: 0.
num_vsnodes_births: 2.
num_vsnodes_deaths: 0.
num_space_committed: 390.
num_space_uncommitted: 0.
num_chunks_returned_to_freelist: 3.
num_chunks_taken_from_freelist: 1313.
num_chunk_merges: 3.
num_chunk_splits: 899.
num_chunks_enlarged: 650.
num_inconsistent_stats: 0.

CodeHeap 'non-profiled nmethods': size=120000Kb used=1488Kb max_used=1488Kb free=118511Kb
 bounds [0x000002390fe80000, 0x00000239100f0000, 0x00000239173b0000]
CodeHeap 'profiled nmethods': size=120000Kb used=7088Kb max_used=7088Kb free=112911Kb
 bounds [0x00000239083b0000, 0x0000023908aa0000, 0x000002390f8e0000]
CodeHeap 'non-nmethods': size=5760Kb used=1612Kb max_used=1661Kb free=4147Kb
 bounds [0x000002390f8e0000, 0x000002390fb50000, 0x000002390fe80000]
 total_blobs=3989 nmethods=3447 adapters=445
 compilation: enabled
              stopped_count=0, restarted_count=0
 full_count=0

Compilation events (20 events):
Event: 5.632 Thread 0x000002397dcffde0 nmethod 3414 0x0000023908a80310 code [0x0000023908a805a0, 0x0000023908a81100]
Event: 5.639 Thread 0x000002397dcffde0 3416       3       java.util.stream.ReferencePipeline::toList (13 bytes)
Event: 5.639 Thread 0x000002397dcffde0 nmethod 3416 0x0000023908a81590 code [0x0000023908a817c0, 0x0000023908a81d58]
Event: 5.648 Thread 0x000002397dcf7d80 nmethod 3401 0x000002390ffede90 code [0x000002390ffee240, 0x000002390ffefac0]
Event: 5.648 Thread 0x000002397dcf7d80 3411       4       java.lang.Long::bitCount (61 bytes)
Event: 5.649 Thread 0x000002397dcf7d80 nmethod 3411 0x000002390fff0710 code [0x000002390fff0880, 0x000002390fff0960]
Event: 5.649 Thread 0x000002397dcf7d80 3415       4       java.lang.ThreadLocal::getMap (5 bytes)
Event: 5.649 Thread 0x000002397dcf7d80 nmethod 3415 0x000002390fff0a10 code [0x000002390fff0b80, 0x000002390fff0c20]
Event: 5.672 Thread 0x000002397dcffde0 3417       3       org.springframework.core.annotation.AnnotationsScanner::processMethodAnnotations (98 bytes)
Event: 5.673 Thread 0x000002397dcffde0 nmethod 3417 0x0000023908a82010 code [0x0000023908a82240, 0x0000023908a829d0]
Event: 5.702 Thread 0x000002397dcf7d80 3418       4       sun.reflect.annotation.AnnotationInvocationHandler::invoke (182 bytes)
Event: 5.710 Thread 0x000002397dcf7d80 nmethod 3418 0x000002390fff0d10 code [0x000002390fff0f20, 0x000002390fff1510]
Event: 5.729 Thread 0x000002397dcffde0 3419       3       org.springframework.beans.factory.support.AbstractBeanDefinition::getBeanClass (54 bytes)
Event: 5.730 Thread 0x000002397dcffde0 nmethod 3419 0x0000023908a82c90 code [0x0000023908a82ea0, 0x0000023908a83588]
Event: 5.731 Thread 0x000002397dcffde0 3420       3       org.springframework.core.annotation.AnnotationsScanner::processClass (92 bytes)
Event: 5.731 Thread 0x000002397dcffde0 nmethod 3420 0x0000023908a83790 code [0x0000023908a839a0, 0x0000023908a83dd0]
Event: 5.747 Thread 0x000002397dcf7d80 3421       4       org.springframework.core.annotation.AnnotationTypeMapping$MirrorSets::resolve (126 bytes)
Event: 5.756 Thread 0x000002397dcf7d80 nmethod 3421 0x000002390fff1b10 code [0x000002390fff1ce0, 0x000002390fff21d8]
Event: 5.763 Thread 0x000002397dcf7d80 3422       4       jdk.internal.loader.AbstractClassLoaderValue$Sub::equals (55 bytes)
Event: 5.765 Thread 0x000002397dcf7d80 nmethod 3422 0x000002390fff2590 code [0x000002390fff2740, 0x000002390fff28f8]

GC Heap History (8 events):
Event: 1.308 GC heap before
{Heap before GC invocations=0 (full 0):
 garbage-first heap   total 126976K, used 14336K [0x0000000084200000, 0x0000000100000000)
  region size 1024K, 13 young (13312K), 0 survivors (0K)
 Metaspace       used 3099K, committed 3264K, reserved 1114112K
  class space    used 318K, committed 384K, reserved 1048576K
}
Event: 1.317 GC heap after
{Heap after GC invocations=1 (full 0):
 garbage-first heap   total 126976K, used 6880K [0x0000000084200000, 0x0000000100000000)
  region size 1024K, 2 young (2048K), 2 survivors (2048K)
 Metaspace       used 3099K, committed 3264K, reserved 1114112K
  class space    used 318K, committed 384K, reserved 1048576K
}
Event: 1.858 GC heap before
{Heap before GC invocations=1 (full 0):
 garbage-first heap   total 126976K, used 19168K [0x0000000084200000, 0x0000000100000000)
  region size 1024K, 15 young (15360K), 2 survivors (2048K)
 Metaspace       used 7275K, committed 7552K, reserved 1114112K
  class space    used 888K, committed 1024K, reserved 1048576K
}
Event: 1.865 GC heap after
{Heap after GC invocations=2 (full 0):
 garbage-first heap   total 126976K, used 8178K [0x0000000084200000, 0x0000000100000000)
  region size 1024K, 2 young (2048K), 2 survivors (2048K)
 Metaspace       used 7275K, committed 7552K, reserved 1114112K
  class space    used 888K, committed 1024K, reserved 1048576K
}
Event: 3.709 GC heap before
{Heap before GC invocations=2 (full 0):
 garbage-first heap   total 126976K, used 41970K [0x0000000084200000, 0x0000000100000000)
  region size 1024K, 36 young (36864K), 2 survivors (2048K)
 Metaspace       used 16479K, committed 16896K, reserved 1114112K
  class space    used 2119K, committed 2304K, reserved 1048576K
}
Event: 3.716 GC heap after
{Heap after GC invocations=3 (full 0):
 garbage-first heap   total 126976K, used 10817K [0x0000000084200000, 0x0000000100000000)
  region size 1024K, 4 young (4096K), 4 survivors (4096K)
 Metaspace       used 16479K, committed 16896K, reserved 1114112K
  class space    used 2119K, committed 2304K, reserved 1048576K
}
Event: 4.486 GC heap before
{Heap before GC invocations=3 (full 0):
 garbage-first heap   total 126976K, used 32321K [0x0000000084200000, 0x0000000100000000)
  region size 1024K, 27 young (27648K), 4 survivors (4096K)
 Metaspace       used 21125K, committed 21504K, reserved 1114112K
  class space    used 2684K, committed 2880K, reserved 1048576K
}
Event: 4.493 GC heap after
{Heap after GC invocations=4 (full 0):
 garbage-first heap   total 126976K, used 13674K [0x0000000084200000, 0x0000000100000000)
  region size 1024K, 7 young (7168K), 7 survivors (7168K)
 Metaspace       used 21125K, committed 21504K, reserved 1114112K
  class space    used 2684K, committed 2880K, reserved 1048576K
}

Dll operation events (10 events):
Event: 0.058 Loaded shared library C:\Program Files\Java\jdk-21\bin\java.dll
Event: 0.169 Loaded shared library C:\Program Files\Java\jdk-21\bin\jsvml.dll
Event: 0.544 Loaded shared library C:\Program Files\Java\jdk-21\bin\zip.dll
Event: 0.549 Loaded shared library C:\Program Files\Java\jdk-21\bin\instrument.dll
Event: 0.557 Loaded shared library C:\Program Files\Java\jdk-21\bin\net.dll
Event: 0.560 Loaded shared library C:\Program Files\Java\jdk-21\bin\nio.dll
Event: 0.566 Loaded shared library C:\Program Files\Java\jdk-21\bin\zip.dll
Event: 0.819 Loaded shared library C:\Program Files\Java\jdk-21\bin\extnet.dll
Event: 0.865 Loaded shared library C:\Program Files\Java\jdk-21\bin\jimage.dll
Event: 4.510 Loaded shared library C:\Program Files\Java\jdk-21\bin\sunmscapi.dll

Deoptimization events (20 events):
Event: 5.259 Thread 0x000002397734fed0 Uncommon trap: trap_request=0xffffff45 fr.pc=0x000002390ffc4c54 relative=0x0000000000000214
Event: 5.259 Thread 0x000002397734fed0 Uncommon trap: reason=unstable_if action=reinterpret pc=0x000002390ffc4c54 method=org.springframework.beans.factory.support.AbstractBeanFactory.isFactoryBean(Ljava/lang/String;Lorg/springframework/beans/factory/support/RootBeanDefinition;)Z @ 40 c2
Event: 5.259 Thread 0x000002397734fed0 DEOPT PACKING pc=0x000002390ffc4c54 sp=0x00000051754fe900
Event: 5.259 Thread 0x000002397734fed0 DEOPT UNPACKING pc=0x000002390f937da2 sp=0x00000051754fe8c0 mode 2
Event: 5.332 Thread 0x000002397734fed0 DEOPT PACKING pc=0x000002390889e8f9 sp=0x00000051754fe860
Event: 5.332 Thread 0x000002397734fed0 DEOPT UNPACKING pc=0x000002390f9388e2 sp=0x00000051754fdd58 mode 0
Event: 5.332 Thread 0x000002397734fed0 Uncommon trap: trap_request=0xffffff45 fr.pc=0x000002390ff440e4 relative=0x0000000000000844
Event: 5.332 Thread 0x000002397734fed0 Uncommon trap: reason=unstable_if action=reinterpret pc=0x000002390ff440e4 method=java.util.Properties$LineReader.readLine()I @ 430 c2
Event: 5.332 Thread 0x000002397734fed0 DEOPT PACKING pc=0x000002390ff440e4 sp=0x00000051754fe8b0
Event: 5.332 Thread 0x000002397734fed0 DEOPT UNPACKING pc=0x000002390f937da2 sp=0x00000051754fe858 mode 2
Event: 5.333 Thread 0x000002397734fed0 DEOPT PACKING pc=0x0000023908889976 sp=0x00000051754fe850
Event: 5.333 Thread 0x000002397734fed0 DEOPT UNPACKING pc=0x000002390f9388e2 sp=0x00000051754fdd60 mode 0
Event: 5.347 Thread 0x000002397734fed0 Uncommon trap: trap_request=0xffffff45 fr.pc=0x000002390ffbb5c4 relative=0x00000000000002a4
Event: 5.347 Thread 0x000002397734fed0 Uncommon trap: reason=unstable_if action=reinterpret pc=0x000002390ffbb5c4 method=org.springframework.beans.factory.support.AbstractBeanFactory.getMergedLocalBeanDefinition(Ljava/lang/String;)Lorg/springframework/beans/factory/support/RootBeanDefinition; 
Event: 5.347 Thread 0x000002397734fed0 DEOPT PACKING pc=0x000002390ffbb5c4 sp=0x00000051754fe6a0
Event: 5.347 Thread 0x000002397734fed0 DEOPT UNPACKING pc=0x000002390f937da2 sp=0x00000051754fe648 mode 2
Event: 5.430 Thread 0x000002397734fed0 Uncommon trap: trap_request=0xffffff45 fr.pc=0x000002390ffcde18 relative=0x0000000000000b38
Event: 5.430 Thread 0x000002397734fed0 Uncommon trap: reason=unstable_if action=reinterpret pc=0x000002390ffcde18 method=org.springframework.core.ResolvableType.resolveType()Lorg/springframework/core/ResolvableType; @ 40 c2
Event: 5.430 Thread 0x000002397734fed0 DEOPT PACKING pc=0x000002390ffcde18 sp=0x00000051754fe790
Event: 5.430 Thread 0x000002397734fed0 DEOPT UNPACKING pc=0x000002390f937da2 sp=0x00000051754fe768 mode 2

Classes loaded (20 events):
Event: 4.594 Loading class javax/security/auth/login/FailedLoginException
Event: 4.595 Loading class javax/security/auth/login/FailedLoginException done
Event: 4.595 Loading class javax/security/auth/Subject
Event: 4.596 Loading class javax/security/auth/Subject done
Event: 4.596 Loading class javax/security/auth/callback/CallbackHandler
Event: 4.596 Loading class javax/security/auth/callback/CallbackHandler done
Event: 4.599 Loading class sun/security/provider/certpath/ldap/JdkLDAP
Event: 4.599 Loading class sun/security/provider/certpath/ldap/JdkLDAP done
Event: 4.600 Loading class sun/security/provider/certpath/ldap/JdkLDAP$ProviderService
Event: 4.600 Loading class sun/security/provider/certpath/ldap/JdkLDAP$ProviderService done
Event: 4.600 Loading class com/sun/security/sasl/Provider
Event: 4.601 Loading class com/sun/security/sasl/Provider done
Event: 4.601 Loading class com/sun/security/sasl/Provider$1
Event: 4.601 Loading class com/sun/security/sasl/Provider$1 done
Event: 4.601 Loading class com/sun/security/sasl/Provider$ProviderService
Event: 4.601 Loading class com/sun/security/sasl/Provider$ProviderService done
Event: 5.200 Loading class java/lang/UnsupportedClassVersionError
Event: 5.200 Loading class java/lang/ClassFormatError
Event: 5.200 Loading class java/lang/ClassFormatError done
Event: 5.200 Loading class java/lang/UnsupportedClassVersionError done

Classes unloaded (0 events):
No events

Classes redefined (0 events):
No events

Internal exceptions (20 events):
Event: 1.869 Thread 0x000002397734fed0 Exception <a 'java/lang/NoSuchMethodError'{0x000000008bd1a888}: 'int java.lang.invoke.DirectMethodHandle$Holder.invokeSpecialIFC(java.lang.Object, java.lang.Object, java.lang.Object, java.lang.Object)'> (0x000000008bd1a888) 
thrown [s\open\src\hotspot\share\interpreter\linkResolver.cpp, line 773]
Event: 1.899 Thread 0x000002397734fed0 Exception <a 'java/lang/NoSuchMethodError'{0x000000008bdfe108}: 'void java.lang.invoke.DirectMethodHandle$Holder.invokeInterface(java.lang.Object, java.lang.Object, java.lang.Object)'> (0x000000008bdfe108) 
thrown [s\open\src\hotspot\share\interpreter\linkResolver.cpp, line 773]
Event: 1.956 Thread 0x000002397734fed0 Exception <a 'java/lang/NoSuchMethodError'{0x000000008bc94f20}: 'void java.lang.invoke.DirectMethodHandle$Holder.invokeStaticInit(java.lang.Object, java.lang.Object, java.lang.Object)'> (0x000000008bc94f20) 
thrown [s\open\src\hotspot\share\interpreter\linkResolver.cpp, line 773]
Event: 1.961 Thread 0x000002397734fed0 Exception <a 'java/lang/NoSuchMethodError'{0x000000008bccc218}: 'java.lang.Object java.lang.invoke.DirectMethodHandle$Holder.invokeStaticInit(java.lang.Object, int)'> (0x000000008bccc218) 
thrown [s\open\src\hotspot\share\interpreter\linkResolver.cpp, line 773]
Event: 1.964 Thread 0x000002397734fed0 Exception <a 'java/lang/NoSuchMethodError'{0x000000008bcd6298}: 'java.lang.Object java.lang.invoke.DirectMethodHandle$Holder.invokeStatic(java.lang.Object, int, java.lang.Object)'> (0x000000008bcd6298) 
thrown [s\open\src\hotspot\share\interpreter\linkResolver.cpp, line 773]
Event: 1.964 Thread 0x000002397734fed0 Exception <a 'java/lang/NoSuchMethodError'{0x000000008bcd98e8}: 'java.lang.Object java.lang.invoke.DirectMethodHandle$Holder.invokeStaticInit(java.lang.Object, int, java.lang.Object)'> (0x000000008bcd98e8) 
thrown [s\open\src\hotspot\share\interpreter\linkResolver.cpp, line 773]
Event: 1.972 Thread 0x000002397734fed0 Exception <a 'java/lang/NoSuchMethodError'{0x000000008bcf5e68}: 'java.lang.Object java.lang.invoke.DirectMethodHandle$Holder.invokeVirtual(java.lang.Object, java.lang.Object, java.lang.Object)'> (0x000000008bcf5e68) 
thrown [s\open\src\hotspot\share\interpreter\linkResolver.cpp, line 773]
Event: 1.997 Thread 0x000002397734fed0 Exception <a 'java/lang/NoSuchMethodError'{0x000000008bbae128}: 'void java.lang.invoke.DirectMethodHandle$Holder.invokeVirtual(java.lang.Object, java.lang.Object, java.lang.Object, java.lang.Object)'> (0x000000008bbae128) 
thrown [s\open\src\hotspot\share\interpreter\linkResolver.cpp, line 773]
Event: 2.084 Thread 0x000002397734fed0 Exception <a 'java/lang/NoSuchMethodError'{0x000000008b9ec480}: 'java.lang.Object java.lang.invoke.Invokers$Holder.invoke_MT(java.lang.Object, java.lang.Object, java.lang.Object, java.lang.Object, java.lang.Object, java.lang.Object, java.lang.Object, java.lang.Object, java.lang.Object)'> (0x000000008b9ec480) 
thrown [s\open\src\hotspot\share\interpreter\linkResolver.cpp, line 773]
Event: 2.090 Thread 0x000002397734fed0 Exception <a 'java/lang/NoSuchMethodError'{0x000000008b81ada0}: 'java.lang.reflect.Field[] java.lang.Class.getDeclaredFields(java.lang.Class)'> (0x000000008b81ada0) 
thrown [s\open\src\hotspot\share\interpreter\linkResolver.cpp, line 773]
Event: 2.114 Thread 0x000002397734fed0 Exception <a 'java/lang/IncompatibleClassChangeError'{0x000000008b89bb60}: Found class java.lang.Object, but interface was expected> (0x000000008b89bb60) 
thrown [s\open\src\hotspot\share\interpreter\linkResolver.cpp, line 840]
Event: 3.175 Thread 0x000002397734fed0 Exception <a 'java/lang/NoSuchMethodError'{0x000000008a263650}: 'int java.lang.invoke.DirectMethodHandle$Holder.invokeSpecial(java.lang.Object, java.lang.Object, java.lang.Object, java.lang.Object, java.lang.Object)'> (0x000000008a263650) 
thrown [s\open\src\hotspot\share\interpreter\linkResolver.cpp, line 773]
Event: 3.220 Thread 0x000002397734fed0 Exception <a 'java/lang/NoSuchMethodError'{0x000000008a26bc20}: 'void java.lang.invoke.DirectMethodHandle$Holder.invokeVirtual(java.lang.Object, java.lang.Object)'> (0x000000008a26bc20) 
thrown [s\open\src\hotspot\share\interpreter\linkResolver.cpp, line 773]
Event: 3.793 Thread 0x000002397734fed0 Exception <a 'java/lang/IncompatibleClassChangeError'{0x000000008ba42920}: Found class java.lang.Object, but interface was expected> (0x000000008ba42920) 
thrown [s\open\src\hotspot\share\interpreter\linkResolver.cpp, line 840]
Event: 4.289 Thread 0x000002395d9791f0 Exception <a 'java/lang/NoSuchMethodError'{0x000000008acaa8f0}: 'long java.lang.invoke.DirectMethodHandle$Holder.invokeSpecial(java.lang.Object, java.lang.Object)'> (0x000000008acaa8f0) 
thrown [s\open\src\hotspot\share\interpreter\linkResolver.cpp, line 773]
Event: 4.291 Thread 0x000002395d9791f0 Exception <a 'java/lang/NoSuchMethodError'{0x000000008acb4228}: 'long java.lang.invoke.DirectMethodHandle$Holder.invokeStatic(java.lang.Object, java.lang.Object)'> (0x000000008acb4228) 
thrown [s\open\src\hotspot\share\interpreter\linkResolver.cpp, line 773]
Event: 4.293 Thread 0x000002395d9791f0 Exception <a 'java/lang/NoSuchMethodError'{0x000000008acb72e0}: 'long java.lang.invoke.DirectMethodHandle$Holder.invokeStaticInit(java.lang.Object, java.lang.Object)'> (0x000000008acb72e0) 
thrown [s\open\src\hotspot\share\interpreter\linkResolver.cpp, line 773]
Event: 4.296 Thread 0x000002395d9791f0 Exception <a 'java/lang/NoSuchMethodError'{0x000000008acc3180}: 'long java.lang.invoke.DirectMethodHandle$Holder.invokeInterface(java.lang.Object, java.lang.Object)'> (0x000000008acc3180) 
thrown [s\open\src\hotspot\share\interpreter\linkResolver.cpp, line 773]
Event: 4.296 Thread 0x000002395d9791f0 Exception <a 'java/lang/IncompatibleClassChangeError'{0x000000008ab836c8}: Found class java.lang.Object, but interface was expected> (0x000000008ab836c8) 
thrown [s\open\src\hotspot\share\interpreter\linkResolver.cpp, line 840]
Event: 4.306 Thread 0x000002395d9791f0 Exception <a 'java/lang/NoSuchMethodError'{0x000000008aba76d8}: 'java.lang.Object java.lang.invoke.DirectMethodHandle$Holder.invokeVirtual(java.lang.Object, java.lang.Object, java.lang.Object, java.lang.Object)'> (0x000000008aba76d8) 
thrown [s\open\src\hotspot\share\interpreter\linkResolver.cpp, line 773]

ZGC Phase Switch (0 events):
No events

VM Operations (20 events):
Event: 4.503 Executing VM operation: G1PauseRemark
Event: 4.506 Executing VM operation: G1PauseRemark done
Event: 4.507 Executing VM operation: G1PauseCleanup
Event: 4.512 Executing VM operation: G1PauseCleanup done
Event: 4.530 Executing VM operation: HandshakeAllThreads (Deoptimize)
Event: 4.548 Executing VM operation: HandshakeAllThreads (Deoptimize) done
Event: 5.006 Executing VM operation: ICBufferFull
Event: 5.006 Executing VM operation: ICBufferFull done
Event: 5.345 Executing VM operation: HandshakeAllThreads (Deoptimize)
Event: 5.345 Executing VM operation: HandshakeAllThreads (Deoptimize) done
Event: 5.357 Executing VM operation: HandshakeAllThreads (Deoptimize)
Event: 5.358 Executing VM operation: HandshakeAllThreads (Deoptimize) done
Event: 5.359 Executing VM operation: HandshakeAllThreads (Deoptimize)
Event: 5.359 Executing VM operation: HandshakeAllThreads (Deoptimize) done
Event: 5.422 Executing VM operation: ICBufferFull
Event: 5.422 Executing VM operation: ICBufferFull done
Event: 5.430 Executing VM operation: HandshakeAllThreads (Deoptimize)
Event: 5.430 Executing VM operation: HandshakeAllThreads (Deoptimize) done
Event: 6.434 Executing VM operation: Cleanup
Event: 6.434 Executing VM operation: Cleanup done

Events (19 events):
Event: 0.089 Thread 0x000002397734fed0 Thread added: 0x000002397734fed0
Event: 0.152 Thread 0x000002397dcee330 Thread added: 0x000002397dcee330
Event: 0.152 Thread 0x000002397dcefba0 Thread added: 0x000002397dcefba0
Event: 0.157 Thread 0x000002397dcf3950 Thread added: 0x000002397dcf3950
Event: 0.157 Thread 0x000002397dcf4940 Thread added: 0x000002397dcf4940
Event: 0.157 Thread 0x000002397dcf5490 Thread added: 0x000002397dcf5490
Event: 0.157 Thread 0x000002397dcf5fe0 Thread added: 0x000002397dcf5fe0
Event: 0.157 Thread 0x000002397dcf7d80 Thread added: 0x000002397dcf7d80
Event: 0.160 Thread 0x000002397dcffde0 Thread added: 0x000002397dcffde0
Event: 0.465 Thread 0x000002397dcb9de0 Thread added: 0x000002397dcb9de0
Event: 0.798 Thread 0x000002395d0f8170 Thread added: 0x000002395d0f8170
Event: 0.798 Thread 0x000002395d0f87e0 Thread added: 0x000002395d0f87e0
Event: 2.001 Thread 0x000002395d7f50e0 Thread added: 0x000002395d7f50e0
Event: 2.082 Thread 0x000002395d9791f0 Thread added: 0x000002395d9791f0
Event: 2.756 Thread 0x000002395d7f50e0 Thread exited: 0x000002395d7f50e0
Event: 3.470 Thread 0x000002395da96760 Thread added: 0x000002395da96760
Event: 3.730 Thread 0x000002395da96760 Thread exited: 0x000002395da96760
Event: 4.604 Thread 0x000002395d9791f0 Thread exited: 0x000002395d9791f0
Event: 5.197 Thread 0x000002395e04a940 Thread added: 0x000002395e04a940


Dynamic libraries:
0x00007ff6bf6e0000 - 0x00007ff6bf6f0000 	C:\Program Files\Java\jdk-21\bin\java.exe
0x00007ffae44a0000 - 0x00007ffae4708000 	C:\WINDOWS\SYSTEM32\ntdll.dll
0x00007ffae2a00000 - 0x00007ffae2ac9000 	C:\WINDOWS\System32\KERNEL32.DLL
0x00007ffae1e70000 - 0x00007ffae2262000 	C:\WINDOWS\System32\KERNELBASE.dll
0x00007ffae1810000 - 0x00007ffae195b000 	C:\WINDOWS\System32\ucrtbase.dll
0x00007ffadc050000 - 0x00007ffadc069000 	C:\Program Files\Java\jdk-21\bin\jli.dll
0x00007ffae2e70000 - 0x00007ffae2f24000 	C:\WINDOWS\System32\ADVAPI32.dll
0x00007ffae2710000 - 0x00007ffae27b9000 	C:\WINDOWS\System32\msvcrt.dll
0x00007ffae2830000 - 0x00007ffae28d6000 	C:\WINDOWS\System32\sechost.dll
0x00007ffae28e0000 - 0x00007ffae29f8000 	C:\WINDOWS\System32\RPCRT4.dll
0x00007ffae4140000 - 0x00007ffae4305000 	C:\WINDOWS\System32\USER32.dll
0x00007ffae1c50000 - 0x00007ffae1c77000 	C:\WINDOWS\System32\win32u.dll
0x00007ffae4110000 - 0x00007ffae413b000 	C:\WINDOWS\System32\GDI32.dll
0x00007ffae1c80000 - 0x00007ffae1dad000 	C:\WINDOWS\System32\gdi32full.dll
0x00007ffae1760000 - 0x00007ffae1803000 	C:\WINDOWS\System32\msvcp_win.dll
0x00007ffadc010000 - 0x00007ffadc02b000 	C:\Program Files\Java\jdk-21\bin\VCRUNTIME140.dll
0x00007ffac7880000 - 0x00007ffac7b13000 	C:\WINDOWS\WinSxS\amd64_microsoft.windows.common-controls_6595b64144ccf1df_6.0.26100.6725_none_3e085828e334708b\COMCTL32.dll
0x00007ffad0850000 - 0x00007ffad085b000 	C:\WINDOWS\SYSTEM32\VERSION.dll
0x00007ffae3eb0000 - 0x00007ffae3edf000 	C:\WINDOWS\System32\IMM32.DLL
0x00007ffadc120000 - 0x00007ffadc12c000 	C:\Program Files\Java\jdk-21\bin\vcruntime140_1.dll
0x00007ffa93390000 - 0x00007ffa9341e000 	C:\Program Files\Java\jdk-21\bin\msvcp140.dll
0x00007ffa27820000 - 0x00007ffa28533000 	C:\Program Files\Java\jdk-21\bin\server\jvm.dll
0x00007ffae3e30000 - 0x00007ffae3ea4000 	C:\WINDOWS\System32\WS2_32.dll
0x00007ffae1490000 - 0x00007ffae14ee000 	C:\WINDOWS\SYSTEM32\POWRPROF.dll
0x00007ffad96a0000 - 0x00007ffad96d5000 	C:\WINDOWS\SYSTEM32\WINMM.dll
0x00007ffae1470000 - 0x00007ffae1484000 	C:\WINDOWS\SYSTEM32\UMPDC.dll
0x00007ffae0400000 - 0x00007ffae041b000 	C:\WINDOWS\SYSTEM32\kernel.appcore.dll
0x00007ffad1050000 - 0x00007ffad105a000 	C:\Program Files\Java\jdk-21\bin\jimage.dll
0x00007ffadece0000 - 0x00007ffadef22000 	C:\WINDOWS\SYSTEM32\DBGHELP.DLL
0x00007ffae2f60000 - 0x00007ffae32db000 	C:\WINDOWS\System32\combase.dll
0x00007ffae4380000 - 0x00007ffae4457000 	C:\WINDOWS\System32\OLEAUT32.dll
0x00007ffabdb70000 - 0x00007ffabdbac000 	C:\WINDOWS\SYSTEM32\dbgcore.DLL
0x00007ffae1630000 - 0x00007ffae16c8000 	C:\WINDOWS\System32\bcryptPrimitives.dll
0x00007ffacf1a0000 - 0x00007ffacf1af000 	C:\Program Files\Java\jdk-21\bin\instrument.dll
0x00007ffacf540000 - 0x00007ffacf55f000 	C:\Program Files\Java\jdk-21\bin\java.dll
0x00007ffae34c0000 - 0x00007ffae3c0c000 	C:\WINDOWS\System32\SHELL32.dll
0x00007ffae1960000 - 0x00007ffae1acb000 	C:\WINDOWS\System32\wintypes.dll
0x00007ffadf250000 - 0x00007ffadfaad000 	C:\WINDOWS\SYSTEM32\windows.storage.dll
0x00007ffae2d70000 - 0x00007ffae2e62000 	C:\WINDOWS\System32\SHCORE.dll
0x00007ffae4310000 - 0x00007ffae4372000 	C:\WINDOWS\System32\shlwapi.dll
0x00007ffae1550000 - 0x00007ffae1579000 	C:\WINDOWS\SYSTEM32\profapi.dll
0x00007ffa8fe70000 - 0x00007ffa8ff47000 	C:\Program Files\Java\jdk-21\bin\jsvml.dll
0x00007ffacf0d0000 - 0x00007ffacf0e8000 	C:\Program Files\Java\jdk-21\bin\zip.dll
0x00007ffacffc0000 - 0x00007ffacffd0000 	C:\Program Files\Java\jdk-21\bin\net.dll
0x00007ffad3070000 - 0x00007ffad318f000 	C:\WINDOWS\SYSTEM32\WINHTTP.dll
0x00007ffae0970000 - 0x00007ffae09db000 	C:\WINDOWS\system32\mswsock.dll
0x00007ffacf140000 - 0x00007ffacf156000 	C:\Program Files\Java\jdk-21\bin\nio.dll
0x00007ffacd830000 - 0x00007ffacd839000 	C:\Program Files\Java\jdk-21\bin\extnet.dll
0x00007fface010000 - 0x00007fface01e000 	C:\Program Files\Java\jdk-21\bin\sunmscapi.dll
0x00007ffae1ad0000 - 0x00007ffae1c47000 	C:\WINDOWS\System32\CRYPT32.dll
0x00007ffae0e40000 - 0x00007ffae0e70000 	C:\WINDOWS\SYSTEM32\ncrypt.dll
0x00007ffae0df0000 - 0x00007ffae0e2f000 	C:\WINDOWS\SYSTEM32\NTASN1.dll

dbghelp: loaded successfully - version: 4.0.5 - missing functions: none
symbol engine: initialized successfully - sym options: 0x614 - pdb path: .;C:\Program Files\Java\jdk-21\bin;C:\WINDOWS\SYSTEM32;C:\WINDOWS\WinSxS\amd64_microsoft.windows.common-controls_6595b64144ccf1df_6.0.26100.6725_none_3e085828e334708b;C:\Program Files\Java\jdk-21\bin\server

VM Arguments:
jvm_args: -javaagent:C:\Program Files\JetBrains\IntelliJ IDEA Community Edition 2025.2.4\lib\idea_rt.jar=63972 -Dfile.encoding=UTF-8 -Dsun.stdout.encoding=UTF-8 -Dsun.stderr.encoding=UTF-8 
java_command: com.student.management.StudentManagementSystemApplication
java_class_path (initial): C:\Users\Ebenezer S\OneDrive - Concentrix Corporation\Java code\Spring Security\Student-management-system\target\classes;C:\Users\Ebenezer S\.m2\repository\org\springframework\boot\spring-boot-starter-data-jpa\3.5.7\spring-boot-starter-data-jpa-3.5.7.jar;C:\Users\Ebenezer S\.m2\repository\org\springframework\boot\spring-boot-starter\3.5.7\spring-boot-starter-3.5.7.jar;C:\Users\Ebenezer S\.m2\repository\org\springframework\boot\spring-boot\3.5.7\spring-boot-3.5.7.jar;C:\Users\Ebenezer S\.m2\repository\org\springframework\boot\spring-boot-autoconfigure\3.5.7\spring-boot-autoconfigure-3.5.7.jar;C:\Users\Ebenezer S\.m2\repository\org\springframework\boot\spring-boot-starter-logging\3.5.7\spring-boot-starter-logging-3.5.7.jar;C:\Users\Ebenezer S\.m2\repository\ch\qos\logback\logback-classic\1.5.20\logback-classic-1.5.20.jar;C:\Users\Ebenezer S\.m2\repository\ch\qos\logback\logback-core\1.5.20\logback-core-1.5.20.jar;C:\Users\Ebenezer S\.m2\repository\org\apache\logging\log4j\log4j-to-slf4j\2.24.3\log4j-to-slf4j-2.24.3.jar;C:\Users\Ebenezer S\.m2\repository\org\apache\logging\log4j\log4j-api\2.24.3\log4j-api-2.24.3.jar;C:\Users\Ebenezer S\.m2\repository\org\slf4j\jul-to-slf4j\2.0.17\jul-to-slf4j-2.0.17.jar;C:\Users\Ebenezer S\.m2\repository\jakarta\annotation\jakarta.annotation-api\2.1.1\jakarta.annotation-api-2.1.1.jar;C:\Users\Ebenezer S\.m2\repository\org\yaml\snakeyaml\2.4\snakeyaml-2.4.jar;C:\Users\Ebenezer S\.m2\repository\org\springframework\boot\spring-boot-starter-jdbc\3.5.7\spring-boot-starter-jdbc-3.5.7.jar;C:\Users\Ebenezer S\.m2\repository\com\zaxxer\HikariCP\6.3.3\HikariCP-6.3.3.jar;C:\Users\Ebenezer S\.m2\repository\org\springframework\spring-jdbc\6.2.12\spring-jdbc-6.2.12.jar;C:\Users\Ebenezer S\.m2\repository\org\hibernate\orm\hibernate-core\6.6.33.Final\hibernate-core-6.6.33.Final.jar;C:\Users\Ebenezer S\.m2\repository\jakarta\persistence\jakarta.persistence-api\3.1.0\jakarta.persistence-api-3.1.0.jar;C:\Users\Ebenezer S\.m2\repository\jakarta\transaction\jakarta.transaction-api\2.0.1\jakarta.transaction-api-2.0.1.jar;C:\Users\Ebenezer S\.m2\repository\org\jboss\logging\jboss-logging\3.6.1.Final\jboss-logging-3.6.1.Final.jar;C:\Users\Ebenezer S\.m2\repository\org\hibernate\common\hibernate-commons-annotations\7.0.3.Final\hibernate-commons-annotations-7.0.3.Final.jar;C:\Users\Ebenezer S\.m2\repository\io\smallrye\jandex\3.2.0\jandex-3.2.0.jar;C:\Users\Ebenezer S\.m2\repository\com\fasterxml\classmate\1.7.1\classmate-1.7.1.jar;C:\Users\Ebenezer S\.m2\repository\net\bytebuddy\byte-buddy\1.17.8\byte-buddy-1.17.8.jar;C:\Users\Ebenezer S\.m2\repository\org\glassfish\jaxb\jaxb-runtime\4.0.6\jaxb-runtime-4.0.6.jar;C:\Users\Ebenezer S\.m2\repository\org\glassfish\jaxb\jaxb-core\4.0.6\jaxb-core-4.0.6.jar;C:\Users\Ebenezer S\.m2\repository\org\eclipse\angus\angus-activation\2.0.3\angus-activation-2.0.3.jar;C:\Users\Ebenezer S\.m2\repository\org\glassfish\jaxb\txw2\4.0.6\txw2-4.0.6.jar;C:\Users\Ebenezer S\.m2\repository\com\sun\istack\istack-commons-runtime\4.1.2\istack-commons-runtime-4.1.2.jar;C:\Users\Ebenezer S\.m2\repository\jakarta\inject\jakarta.inject-api\2.0.1\jakarta.inject-api-2.0.1.jar;C:\Users\Ebenezer S\.m2\repository\org\antlr\antlr4-runtime\4.13.0\antlr4-runtime-4.13.0.jar;C:\Users\Ebenezer S\.m2\repository\org\springframework\data\spring-data-jpa\3.5.5\spring-data-jpa-3.5.5.jar;C:\Users\Ebenezer S\.m2\repository\org\springframework\data\spring-data-commons\3.5.5\spring-data-commons-3.5.5.jar;C:\Users\Ebenezer S\.m2\repository\org\springframework\spring-orm\6.2.12\spring-orm-6.2.12.jar;C:\Users\Ebenezer S\.m2\repository\org\springframework\spring-context\6.2.12\spring-context-6.2.12.jar;C:\Users\Ebenezer S\.m2\repository\org\springframework\spring-aop\6.2.12\spring-aop-6.2.12.jar;C:\Users\Ebenezer S\.m2\repository\org\springframework\spring-tx\6.2.12\spring-tx-6.2.12.jar;C:\Users\Ebenezer S\.m2\repository\org\springframework\spring-beans\6.2.12\spring-beans-6.2.12.jar;C:\Users\Ebenezer S\.m2\repository\org\slf4j\slf4j-api\2.0.17\slf4j-api-2.0.17.jar;C:\Users\Ebenezer S\.m2\repository\org\springframework\spring-aspects\6.2.12\spring-aspects-6.2.12.jar;C:\Users\Ebenezer S\.m2\repository\org\aspectj\aspectjweaver\1.9.24\aspectjweaver-1.9.24.jar;C:\Users\Ebenezer S\.m2\repository\org\springframework\boot\spring-boot-starter-validation\3.5.7\spring-boot-starter-validation-3.5.7.jar;C:\Users\Ebenezer S\.m2\repository\org\apache\tomcat\embed\tomcat-embed-el\10.1.48\tomcat-embed-el-10.1.48.jar;C:\Users\Ebenezer S\.m2\repository\org\hibernate\validator\hibernate-validator\8.0.3.Final\hibernate-validator-8.0.3.Final.jar;C:\Users\Ebenezer S\.m2\repository\jakarta\validation\jakarta.validation-api\3.0.2\jakarta.validation-api-3.0.2.jar;C:\Users\Ebenezer S\.m2\repository\org\springframework\boot\spring-boot-starter-web\3.5.7\spring-boot-starter-web-3.5.7.jar;C:\Users\Ebenezer S\.m2\repository\org\springframework\boot\spring-boot-starter-json\3.5.7\spring-boot-starter-json-3.5.7.jar;C:\Users\Ebenezer S\.m2\repository\com\fasterxml\jackson\core\jackson-databind\2.19.2\jackson-databind-2.19.2.jar;C:\Users\Ebenezer S\.m2\repository\com\fasterxml\jackson\core\jackson-annotations\2.19.2\jackson-annotations-2.19.2.jar;C:\Users\Ebenezer S\.m2\repository\com\fasterxml\jackson\core\jackson-core\2.19.2\jackson-core-2.19.2.jar;C:\Users\Ebenezer S\.m2\repository\com\fasterxml\jackson\datatype\jackson-datatype-jdk8\2.19.2\jackson-datatype-jdk8-2.19.2.jar;C:\Users\Ebenezer S\.m2\repository\com\fasterxml\jackson\datatype\jackson-datatype-jsr310\2.19.2\jackson-datatype-jsr310-2.19.2.jar;C:\Users\Ebenezer S\.m2\repository\com\fasterxml\jackson\module\jackson-module-parameter-names\2.19.2\jackson-module-parameter-names-2.19.2.jar;C:\Users\Ebenezer S\.m2\repository\org\springframework\boot\spring-boot-starter-tomcat\3.5.7\spring-boot-starter-tomcat-3.5.7.jar;C:\Users\Ebenezer S\.m2\repository\org\apache\tomcat\embed\tomcat-embed-core\10.1.48\tomcat-embed-core-10.1.48.jar;C:\Users\Ebenezer S\.m2\repository\org\apache\tomcat\embed\tomcat-embed-websocket\10.1.48\tomcat-embed-websocket-10.1.48.jar;C:\Users\Ebenezer S\.m2\repository\org\springframework\spring-web\6.2.12\spring-web-6.2.12.jar;C:\Users\Ebenezer S\.m2\repository\io\micrometer\micrometer-observation\1.15.5\micrometer-observation-1.15.5.jar;C:\Users\Ebenezer S\.m2\repository\io\micrometer\micrometer-commons\1.15.5\micrometer-commons-1.15.5.jar;C:\Users\Ebenezer S\.m2\repository\org\springframework\spring-webmvc\6.2.12\spring-webmvc-6.2.12.jar;C:\Users\Ebenezer S\.m2\repository\org\springframework\spring-expression\6.2.12\spring-expression-6.2.12.jar;C:\Users\Ebenezer S\.m2\repository\com\mysql\mysql-connector-j\9.4.0\mysql-connector-j-9.4.0.jar;C:\Users\Ebenezer S\.m2\repository\jakarta\xml\bind\jakarta.xml.bind-api\4.0.4\jakarta.xml.bind-api-4.0.4.jar;C:\Users\Ebenezer S\.m2\repository\jakarta\activation\jakarta.activation-api\2.1.4\jakarta.activation-api-2.1.4.jar;C:\Users\Ebenezer S\.m2\repository\org\springframework\spring-core\6.2.12\spring-core-6.2.12.jar;C:\Users\Ebenezer S\.m2\repository\org\springframework\spring-jcl\6.2.12\spring-jcl-6.2.12.jar
Launcher Type: SUN_STANDARD

[Global flags]
     intx CICompilerCount                          = 3                                         {product} {ergonomic}
     uint ConcGCThreads                            = 1                                         {product} {ergonomic}
     uint G1ConcRefinementThreads                  = 4                                         {product} {ergonomic}
   size_t G1HeapRegionSize                         = 1048576                                   {product} {ergonomic}
    uintx GCDrainStackTargetSize                   = 64                                        {product} {ergonomic}
   size_t InitialHeapSize                          = 130023424                                 {product} {ergonomic}
   size_t MarkStackSize                            = 4194304                                   {product} {ergonomic}
   size_t MaxHeapSize                              = 2078277632                                {product} {ergonomic}
   size_t MaxNewSize                               = 1246756864                                {product} {ergonomic}
   size_t MinHeapDeltaBytes                        = 1048576                                   {product} {ergonomic}
   size_t MinHeapSize                              = 8388608                                   {product} {ergonomic}
    uintx NonNMethodCodeHeapSize                   = 5832780                                {pd product} {ergonomic}
    uintx NonProfiledCodeHeapSize                  = 122912730                              {pd product} {ergonomic}
    uintx ProfiledCodeHeapSize                     = 122912730                              {pd product} {ergonomic}
    uintx ReservedCodeCacheSize                    = 251658240                              {pd product} {ergonomic}
     bool SegmentedCodeCache                       = true                                      {product} {ergonomic}
   size_t SoftMaxHeapSize                          = 2078277632                             {manageable} {ergonomic}
     bool UseCompressedOops                        = true                           {product lp64_product} {ergonomic}
     bool UseG1GC                                  = true                                      {product} {ergonomic}
     bool UseLargePagesIndividualAllocation        = false                                  {pd product} {ergonomic}

Logging:
Log output configuration:
 #0: stdout all=warning uptime,level,tags foldmultilines=false
 #1: stderr all=off uptime,level,tags foldmultilines=false

Environment Variables:
JAVA_HOME=C:\Program Files\Java\jdk-21\bin
PATH=E:\oracle\product\10.2.0\db_2\bin;D:\oracle\product\10.2.0\db_1\bin;C:\Program Files\Common Files\Oracle\Java\javapath;C:\WINDOWS\system32;C:\WINDOWS;C:\WINDOWS\System32\Wbem;C:\WINDOWS\System32\WindowsPowerShell\v1.0\;C:\WINDOWS\System32\OpenSSH\;C:\Program Files\dotnet\;C:\Program Files\Java\jdk-11.0.17\bin;C:\Program Files\Java\jdk-19\bin;C:\Program Files\Java\jdk-21\bin;C:\Program Files\Git\cmd;C:\Program Files\Docker\Docker\resources\bin;C:\Program Files\MySQL\MySQL Shell 8.0\bin\;C:\Users\Ebenezer S\AppData\Local\Microsoft\WindowsApps;C:\Users\Ebenezer S\AppData\Local\Programs\Microsoft VS Code\bin;C:\Program Files\MySQL\MySQL Server 8.0\bin;C:\Program Files\JetBrains\IntelliJ IDEA Community Edition 2025.2.4\bin
USERNAME=Ebenezer S
OS=Windows_NT
PROCESSOR_IDENTIFIER=Intel64 Family 6 Model 140 Stepping 1, GenuineIntel
TMP=C:\Users\Ebenezer S\AppData\Local\Temp
TEMP=C:\Users\Ebenezer S\AppData\Local\Temp




Periodic native trim disabled

---------------  S Y S T E M  ---------------

OS:
 Windows 11 , 64 bit Build 26100 (10.0.26100.6725)
OS uptime: 29 days 14:22 hours
Hyper-V role detected

CPU: total 4 (initial active 4) (2 cores per cpu, 2 threads per core) family 6 model 140 stepping 1 microcode 0xbc, cx8, cmov, fxsr, ht, mmx, 3dnowpref, sse, sse2, sse3, ssse3, sse4.1, sse4.2, popcnt, lzcnt, tsc, tscinvbit, avx, avx2, aes, erms, clmul, bmi1, bmi2, adx, avx512f, avx512dq, avx512cd, avx512bw, avx512vl, sha, fma, vzeroupper, avx512_vpopcntdq, avx512_vpclmulqdq, avx512_vaes, avx512_vnni, clflush, clflushopt, clwb, avx512_vbmi2, avx512_vbmi, hv, rdtscp, rdpid, fsrm, gfni, avx512_bitalg, f16c, cet_ibt, cet_ss, avx512_ifma
Processor Information for all 4 processors :
  Max Mhz: 2995, Current Mhz: 2995, Mhz Limit: 2995

Memory: 4k page, system-wide physical 7926M (454M free)
TotalPageFile size 28303M (AvailPageFile size 4M)
current process WorkingSet (physical memory assigned to process): 141M, peak: 141M
current process commit charge ("private bytes"): 187M, peak: 246M

vm_info: Java HotSpot(TM) 64-Bit Server VM (21.0.4+8-LTS-274) for windows-amd64 JRE (21.0.4+8-LTS-274), built on 2024-06-05T05:23:33Z by "mach5one" with MS VC++ 17.6 (VS2022)

END.
